[INFO] Scanning for projects...
[INFO] 
[INFO] ---------------------< com.btech.propertymgt:demo >---------------------
[INFO] Building PROPERTY MANAGEMENT SYSTEM 0.0.1-SNAPSHOT
[INFO]   from pom.xml
[INFO] --------------------------------[ jar ]---------------------------------
[INFO] 
[INFO] --- clean:3.5.0:clean (default-clean) @ demo ---
[INFO] Deleting D:\SpringBoot\Propertymgt\demo\target
[INFO] 
[INFO] --- resources:3.3.1:resources (default-resources) @ demo ---
[INFO] Copying 1 resource from src\main\resources to target\classes
[INFO] Copying 0 resource from src\main\resources to target\classes
[INFO] 
[INFO] --- compiler:3.14.1:compile (default-compile) @ demo ---
[INFO] Recompiling the module because of changed source code.
[INFO] Compiling 61 source files with javac [debug parameters release 21] to target\classes
.\mvnw : WARNING: A 
terminally deprecated 
method in 
sun.misc.Unsafe has 
been called
At line:1 char:1
+ .\mvnw clean compile 
> compile_errors.txt 
2>&1
+ ~~~~~~~~~~~~~~~~~~~~~
~~~~~~~~~~~~~~~~~~~~~~~
~~
    + CategoryInfo     
         : NotSpecifi  
  ed: (WARNING: A te   
 rm...has been call    
ed:String) [], Rem    
oteException
    + FullyQualifiedEr 
   rorId : NativeComm  
  andError
 
WARNING: sun.misc.Unsaf
e::objectFieldOffset 
has been called by 
lombok.permit.Permit
WARNING: Please 
consider reporting 
this to the 
maintainers of class 
lombok.permit.Permit
WARNING: sun.misc.Unsaf
e::objectFieldOffset 
will be removed in a 
future release
[INFO] -------------------------------------------------------------
[ERROR] COMPILATION ERROR : 
[INFO] -------------------------------------------------------------
[ERROR] /D:/SpringBoot/Propertymgt/demo/src/main/java/com/btech/propertymgt/demo/services/LocationService.java:[33,55] cannot find symbol
  symbol:   class LocationLevel
  location: class com.btech.propertymgt.demo.models.Location
[ERROR] /D:/SpringBoot/Propertymgt/demo/src/main/java/com/btech/propertymgt/demo/repositories/LocationRepository.java:[13,40] cannot find symbol
  symbol:   class LocationLevel
  location: class com.btech.propertymgt.demo.models.Location
[ERROR] /D:/SpringBoot/Propertymgt/demo/src/main/java/com/btech/propertymgt/demo/controllers/PaymentController.java:[3,41] cannot find symbol
  symbol:   class Payment
  location: package com.btech.propertymgt.demo.models
[ERROR] /D:/SpringBoot/Propertymgt/demo/src/main/java/com/btech/propertymgt/demo/services/PaymentService.java:[3,41] cannot find symbol
  symbol:   class Payment
  location: package com.btech.propertymgt.demo.models
[ERROR] /D:/SpringBoot/Propertymgt/demo/src/main/java/com/btech/propertymgt/demo/controllers/PaymentController.java:[19,63] cannot find symbol
  symbol:   class Payment
  location: class com.btech.propertymgt.demo.controllers.PaymentController
[ERROR] /D:/SpringBoot/Propertymgt/demo/src/main/java/com/btech/propertymgt/demo/controllers/PaymentController.java:[19,27] cannot find symbol
  symbol:   class Payment
  location: class com.btech.propertymgt.demo.controllers.PaymentController
[ERROR] /D:/SpringBoot/Propertymgt/demo/src/main/java/com/btech/propertymgt/demo/controllers/PaymentController.java:[24,32] cannot find symbol
  symbol:   class Payment
  location: class com.btech.propertymgt.demo.controllers.PaymentController
[ERROR] /D:/SpringBoot/Propertymgt/demo/src/main/java/com/btech/propertymgt/demo/controllers/PaymentController.java:[29,27] cannot find symbol
  symbol:   class Payment
  location: class com.btech.propertymgt.demo.controllers.PaymentController
[ERROR] /D:/SpringBoot/Propertymgt/demo/src/main/java/com/btech/propertymgt/demo/controllers/PaymentController.java:[36,32] cannot find symbol
  symbol:   class Payment
  location: class com.btech.propertymgt.demo.controllers.PaymentController
[ERROR] /D:/SpringBoot/Propertymgt/demo/src/main/java/com/btech/propertymgt/demo/controllers/PaymentController.java:[43,34] package Payment does not exist
[ERROR] /D:/SpringBoot/Propertymgt/demo/src/main/java/com/btech/propertymgt/demo/controllers/PaymentController.java:[41,27] cannot find symbol
  symbol:   class Payment
  location: class com.btech.propertymgt.demo.controllers.PaymentController
[ERROR] /D:/SpringBoot/Propertymgt/demo/src/main/java/com/btech/propertymgt/demo/repositories/PaymentRepository.java:[3,41] cannot find symbol
  symbol:   class Payment
  location: package com.btech.propertymgt.demo.models
[ERROR] /D:/SpringBoot/Propertymgt/demo/src/main/java/com/btech/propertymgt/demo/repositories/PaymentRepository.java:[10,58] cannot find symbol
  symbol: class Payment
[ERROR] /D:/SpringBoot/Propertymgt/demo/src/main/java/com/btech/propertymgt/demo/services/PaymentService.java:[17,34] cannot find symbol
  symbol:   class Payment
  location: class com.btech.propertymgt.demo.services.PaymentService
[ERROR] /D:/SpringBoot/Propertymgt/demo/src/main/java/com/btech/propertymgt/demo/services/PaymentService.java:[17,12] cannot find symbol
  symbol:   class Payment
  location: class com.btech.propertymgt.demo.services.PaymentService
[ERROR] /D:/SpringBoot/Propertymgt/demo/src/main/java/com/btech/propertymgt/demo/services/PaymentService.java:[21,17] cannot find symbol
  symbol:   class Payment
  location: class com.btech.propertymgt.demo.services.PaymentService
[ERROR] /D:/SpringBoot/Propertymgt/demo/src/main/java/com/btech/propertymgt/demo/services/PaymentService.java:[25,21] cannot find symbol
  symbol:   class Payment
  location: class com.btech.propertymgt.demo.services.PaymentService
[ERROR] /D:/SpringBoot/Propertymgt/demo/src/main/java/com/btech/propertymgt/demo/services/PaymentService.java:[29,17] cannot find symbol
  symbol:   class Payment
  location: class com.btech.propertymgt.demo.services.PaymentService
[ERROR] /D:/SpringBoot/Propertymgt/demo/src/main/java/com/btech/propertymgt/demo/services/PaymentService.java:[33,56] package Payment does not exist
[ERROR] /D:/SpringBoot/Propertymgt/demo/src/main/java/com/btech/propertymgt/demo/services/PaymentService.java:[33,12] cannot find symbol
  symbol:   class Payment
  location: class com.btech.propertymgt.demo.services.PaymentService
[ERROR] /D:/SpringBoot/Propertymgt/demo/src/main/java/com/btech/propertymgt/demo/repositories/PaymentRepository.java:[11,10] cannot find symbol
  symbol:   class Payment
  location: interface com.btech.propertymgt.demo.repositories.PaymentRepository
[ERROR] /D:/SpringBoot/Propertymgt/demo/src/main/java/com/btech/propertymgt/demo/repositories/PaymentRepository.java:[13,10] cannot find symbol
  symbol:   class Payment
  location: interface com.btech.propertymgt.demo.repositories.PaymentRepository
[ERROR] /D:/SpringBoot/Propertymgt/demo/src/main/java/com/btech/propertymgt/demo/repositories/PaymentRepository.java:[15,39] package Payment does not exist
[ERROR] /D:/SpringBoot/Propertymgt/demo/src/main/java/com/btech/propertymgt/demo/repositories/PaymentRepository.java:[15,10] cannot find symbol
  symbol:   class Payment
  location: interface com.btech.propertymgt.demo.repositories.PaymentRepository
[INFO] 24 errors 
[INFO] -------------------------------------------------------------
[INFO] ------------------------------------------------------------------------
[INFO] BUILD FAILURE
[INFO] ------------------------------------------------------------------------
[INFO] Total time:  12.866 s
[INFO] Finished at: 2026-03-08T20:02:28+02:00
[INFO] ------------------------------------------------------------------------
[ERROR] Failed to execute goal org.apache.maven.plugins:maven-compiler-plugin:3.14.1:compile (default-compile) on project demo: Compilation failure: Compilation failure: 
[ERROR] /D:/SpringBoot/Propertymgt/demo/src/main/java/com/btech/propertymgt/demo/services/LocationService.java:[33,55] cannot find symbol
[ERROR]   symbol:   class LocationLevel
[ERROR]   location: class com.btech.propertymgt.demo.models.Location
[ERROR] /D:/SpringBoot/Propertymgt/demo/src/main/java/com/btech/propertymgt/demo/repositories/LocationRepository.java:[13,40] cannot find symbol
[ERROR]   symbol:   class LocationLevel
[ERROR]   location: class com.btech.propertymgt.demo.models.Location
[ERROR] /D:/SpringBoot/Propertymgt/demo/src/main/java/com/btech/propertymgt/demo/controllers/PaymentController.java:[3,41] cannot find symbol
[ERROR]   symbol:   class Payment
[ERROR]   location: package com.btech.propertymgt.demo.models
[ERROR] /D:/SpringBoot/Propertymgt/demo/src/main/java/com/btech/propertymgt/demo/services/PaymentService.java:[3,41] cannot find symbol
[ERROR]   symbol:   class Payment
[ERROR]   location: package com.btech.propertymgt.demo.models
[ERROR] /D:/SpringBoot/Propertymgt/demo/src/main/java/com/btech/propertymgt/demo/controllers/PaymentController.java:[19,63] cannot find symbol
[ERROR]   symbol:   class Payment
[ERROR]   location: class com.btech.propertymgt.demo.controllers.PaymentController
[ERROR] /D:/SpringBoot/Propertymgt/demo/src/main/java/com/btech/propertymgt/demo/controllers/PaymentController.java:[19,27] cannot find symbol
[ERROR]   symbol:   class Payment
[ERROR]   location: class com.btech.propertymgt.demo.controllers.PaymentController
[ERROR] /D:/SpringBoot/Propertymgt/demo/src/main/java/com/btech/propertymgt/demo/controllers/PaymentController.java:[24,32] cannot find symbol
[ERROR]   symbol:   class Payment
[ERROR]   location: class com.btech.propertymgt.demo.controllers.PaymentController
[ERROR] /D:/SpringBoot/Propertymgt/demo/src/main/java/com/btech/propertymgt/demo/controllers/PaymentController.java:[29,27] cannot find symbol
[ERROR]   symbol:   class Payment
[ERROR]   location: class com.btech.propertymgt.demo.controllers.PaymentController
[ERROR] /D:/SpringBoot/Propertymgt/demo/src/main/java/com/btech/propertymgt/demo/controllers/PaymentController.java:[36,32] cannot find symbol
[ERROR]   symbol:   class Payment
[ERROR]   location: class com.btech.propertymgt.demo.controllers.PaymentController
[ERROR] /D:/SpringBoot/Propertymgt/demo/src/main/java/com/btech/propertymgt/demo/controllers/PaymentController.java:[43,34] package Payment does not exist
[ERROR] /D:/SpringBoot/Propertymgt/demo/src/main/java/com/btech/propertymgt/demo/controllers/PaymentController.java:[41,27] cannot find symbol
[ERROR]   symbol:   class Payment
[ERROR]   location: class com.btech.propertymgt.demo.controllers.PaymentController
[ERROR] /D:/SpringBoot/Propertymgt/demo/src/main/java/com/btech/propertymgt/demo/repositories/PaymentRepository.java:[3,41] cannot find symbol
[ERROR]   symbol:   class Payment
[ERROR]   location: package com.btech.propertymgt.demo.models
[ERROR] /D:/SpringBoot/Propertymgt/demo/src/main/java/com/btech/propertymgt/demo/repositories/PaymentRepository.java:[10,58] cannot find symbol
[ERROR]   symbol: class Payment
[ERROR] /D:/SpringBoot/Propertymgt/demo/src/main/java/com/btech/propertymgt/demo/services/PaymentService.java:[17,34] cannot find symbol
[ERROR]   symbol:   class Payment
[ERROR]   location: class com.btech.propertymgt.demo.services.PaymentService
[ERROR] /D:/SpringBoot/Propertymgt/demo/src/main/java/com/btech/propertymgt/demo/services/PaymentService.java:[17,12] cannot find symbol
[ERROR]   symbol:   class Payment
[ERROR]   location: class com.btech.propertymgt.demo.services.PaymentService
[ERROR] /D:/SpringBoot/Propertymgt/demo/src/main/java/com/btech/propertymgt/demo/services/PaymentService.java:[21,17] cannot find symbol
[ERROR]   symbol:   class Payment
[ERROR]   location: class com.btech.propertymgt.demo.services.PaymentService
[ERROR] /D:/SpringBoot/Propertymgt/demo/src/main/java/com/btech/propertymgt/demo/services/PaymentService.java:[25,21] cannot find symbol
[ERROR]   symbol:   class Payment
[ERROR]   location: class com.btech.propertymgt.demo.services.PaymentService
[ERROR] /D:/SpringBoot/Propertymgt/demo/src/main/java/com/btech/propertymgt/demo/services/PaymentService.java:[29,17] cannot find symbol
[ERROR]   symbol:   class Payment
[ERROR]   location: class com.btech.propertymgt.demo.services.PaymentService
[ERROR] /D:/SpringBoot/Propertymgt/demo/src/main/java/com/btech/propertymgt/demo/services/PaymentService.java:[33,56] package Payment does not exist
[ERROR] /D:/SpringBoot/Propertymgt/demo/src/main/java/com/btech/propertymgt/demo/services/PaymentService.java:[33,12] cannot find symbol
[ERROR]   symbol:   class Payment
[ERROR]   location: class com.btech.propertymgt.demo.services.PaymentService
[ERROR] /D:/SpringBoot/Propertymgt/demo/src/main/java/com/btech/propertymgt/demo/repositories/PaymentRepository.java:[11,10] cannot find symbol
[ERROR]   symbol:   class Payment
[ERROR]   location: interface com.btech.propertymgt.demo.repositories.PaymentRepository
[ERROR] /D:/SpringBoot/Propertymgt/demo/src/main/java/com/btech/propertymgt/demo/repositories/PaymentRepository.java:[13,10] cannot find symbol
[ERROR]   symbol:   class Payment
[ERROR]   location: interface com.btech.propertymgt.demo.repositories.PaymentRepository
[ERROR] /D:/SpringBoot/Propertymgt/demo/src/main/java/com/btech/propertymgt/demo/repositories/PaymentRepository.java:[15,39] package Payment does not exist
[ERROR] /D:/SpringBoot/Propertymgt/demo/src/main/java/com/btech/propertymgt/demo/repositories/PaymentRepository.java:[15,10] cannot find symbol
[ERROR]   symbol:   class Payment
[ERROR]   location: interface com.btech.propertymgt.demo.repositories.PaymentRepository
[ERROR] -> [Help 1]
[ERROR] 
[ERROR] To see the full stack trace of the errors, re-run Maven with the -e switch.
[ERROR] Re-run Maven using the -X switch to enable full debug logging.
[ERROR] 
[ERROR] For more information about the errors and possible solutions, please read the following articles:
[ERROR] [Help 1] http://cwiki.apache.org/confluence/display/MAVEN/MojoFailureException
